  Determining projects to restore...
  All projects are up-to-date for restore.
C:\Program Files\dotnet\sdk\9.0.201\Microsoft.Common.CurrentVersion.targets(5364,5): warning MSB3026: Could not copy "C:\cache_project\Backend\AuthAPI\obj\Debug\net9.0\apphost.exe" to "bin\Debug\net9.0\AuthAPI.exe". Beginning retry 1 in 1000ms. The process cannot access the file 'C:\cache_project\Backend\AuthAPI\bin\Debug\net9.0\AuthAPI.exe' because it is being used by another process. The file is locked by: "AuthAPI.exe (35960), AuthAPI (22888), AuthAPI.exe (11680)" [C:\cache_project\Backend\AuthAPI\AuthAPI.csproj]
C:\Program Files\dotnet\sdk\9.0.201\Microsoft.Common.CurrentVersion.targets(5364,5): warning MSB3026: Could not copy "C:\cache_project\Backend\AuthAPI\obj\Debug\net9.0\apphost.exe" to "bin\Debug\net9.0\AuthAPI.exe". Beginning retry 2 in 1000ms. The process cannot access the file 'C:\cache_project\Backend\AuthAPI\bin\Debug\net9.0\AuthAPI.exe' because it is being used by another process. The file is locked by: "AuthAPI.exe (35960), AuthAPI (22888), AuthAPI.exe (11680)" [C:\cache_project\Backend\AuthAPI\AuthAPI.csproj]
C:\Program Files\dotnet\sdk\9.0.201\Microsoft.Common.CurrentVersion.targets(5364,5): warning MSB3026: Could not copy "C:\cache_project\Backend\AuthAPI\obj\Debug\net9.0\apphost.exe" to "bin\Debug\net9.0\AuthAPI.exe". Beginning retry 3 in 1000ms. The process cannot access the file 'C:\cache_project\Backend\AuthAPI\bin\Debug\net9.0\AuthAPI.exe' because it is being used by another process. The file is locked by: "AuthAPI.exe (35960), AuthAPI (22888), AuthAPI.exe (11680)" [C:\cache_project\Backend\AuthAPI\AuthAPI.csproj]
C:\Program Files\dotnet\sdk\9.0.201\Microsoft.Common.CurrentVersion.targets(5364,5): warning MSB3026: Could not copy "C:\cache_project\Backend\AuthAPI\obj\Debug\net9.0\apphost.exe" to "bin\Debug\net9.0\AuthAPI.exe". Beginning retry 4 in 1000ms. The process cannot access the file 'C:\cache_project\Backend\AuthAPI\bin\Debug\net9.0\AuthAPI.exe' because it is being used by another process. The file is locked by: "AuthAPI.exe (35960), AuthAPI (22888), AuthAPI.exe (11680)" [C:\cache_project\Backend\AuthAPI\AuthAPI.csproj]
C:\Program Files\dotnet\sdk\9.0.201\Microsoft.Common.CurrentVersion.targets(5364,5): warning MSB3026: Could not copy "C:\cache_project\Backend\AuthAPI\obj\Debug\net9.0\apphost.exe" to "bin\Debug\net9.0\AuthAPI.exe". Beginning retry 5 in 1000ms. The process cannot access the file 'C:\cache_project\Backend\AuthAPI\bin\Debug\net9.0\AuthAPI.exe' because it is being used by another process. The file is locked by: "AuthAPI.exe (35960), AuthAPI (22888), AuthAPI.exe (11680)" [C:\cache_project\Backend\AuthAPI\AuthAPI.csproj]
C:\Program Files\dotnet\sdk\9.0.201\Microsoft.Common.CurrentVersion.targets(5364,5): warning MSB3026: Could not copy "C:\cache_project\Backend\AuthAPI\obj\Debug\net9.0\apphost.exe" to "bin\Debug\net9.0\AuthAPI.exe". Beginning retry 6 in 1000ms. The process cannot access the file 'C:\cache_project\Backend\AuthAPI\bin\Debug\net9.0\AuthAPI.exe' because it is being used by another process. The file is locked by: "AuthAPI.exe (35960), AuthAPI (22888), AuthAPI.exe (11680)" [C:\cache_project\Backend\AuthAPI\AuthAPI.csproj]
C:\Program Files\dotnet\sdk\9.0.201\Microsoft.Common.CurrentVersion.targets(5364,5): warning MSB3026: Could not copy "C:\cache_project\Backend\AuthAPI\obj\Debug\net9.0\apphost.exe" to "bin\Debug\net9.0\AuthAPI.exe". Beginning retry 7 in 1000ms. The process cannot access the file 'C:\cache_project\Backend\AuthAPI\bin\Debug\net9.0\AuthAPI.exe' because it is being used by another process. The file is locked by: "AuthAPI.exe (35960), AuthAPI (22888), AuthAPI.exe (11680)" [C:\cache_project\Backend\AuthAPI\AuthAPI.csproj]
C:\Program Files\dotnet\sdk\9.0.201\Microsoft.Common.CurrentVersion.targets(5364,5): warning MSB3026: Could not copy "C:\cache_project\Backend\AuthAPI\obj\Debug\net9.0\apphost.exe" to "bin\Debug\net9.0\AuthAPI.exe". Beginning retry 8 in 1000ms. The process cannot access the file 'C:\cache_project\Backend\AuthAPI\bin\Debug\net9.0\AuthAPI.exe' because it is being used by another process. The file is locked by: "AuthAPI.exe (35960), AuthAPI (22888), AuthAPI.exe (11680)" [C:\cache_project\Backend\AuthAPI\AuthAPI.csproj]
C:\Program Files\dotnet\sdk\9.0.201\Microsoft.Common.CurrentVersion.targets(5364,5): warning MSB3026: Could not copy "C:\cache_project\Backend\AuthAPI\obj\Debug\net9.0\apphost.exe" to "bin\Debug\net9.0\AuthAPI.exe". Beginning retry 9 in 1000ms. The process cannot access the file 'C:\cache_project\Backend\AuthAPI\bin\Debug\net9.0\AuthAPI.exe' because it is being used by another process. The file is locked by: "AuthAPI.exe (35960), AuthAPI (22888), AuthAPI.exe (11680)" [C:\cache_project\Backend\AuthAPI\AuthAPI.csproj]
C:\Program Files\dotnet\sdk\9.0.201\Microsoft.Common.CurrentVersion.targets(5364,5): warning MSB3026: Could not copy "C:\cache_project\Backend\AuthAPI\obj\Debug\net9.0\apphost.exe" to "bin\Debug\net9.0\AuthAPI.exe". Beginning retry 10 in 1000ms. The process cannot access the file 'C:\cache_project\Backend\AuthAPI\bin\Debug\net9.0\AuthAPI.exe' because it is being used by another process. The file is locked by: "AuthAPI.exe (35960), AuthAPI (22888), AuthAPI.exe (11680)" [C:\cache_project\Backend\AuthAPI\AuthAPI.csproj]
C:\Program Files\dotnet\sdk\9.0.201\Microsoft.Common.CurrentVersion.targets(5364,5): error MSB3027: Could not copy "C:\cache_project\Backend\AuthAPI\obj\Debug\net9.0\apphost.exe" to "bin\Debug\net9.0\AuthAPI.exe". Exceeded retry count of 10. Failed. The file is locked by: "AuthAPI.exe (35960), AuthAPI (22888), AuthAPI.exe (11680)" [C:\cache_project\Backend\AuthAPI\AuthAPI.csproj]
C:\Program Files\dotnet\sdk\9.0.201\Microsoft.Common.CurrentVersion.targets(5364,5): error MSB3021: Unable to copy file "C:\cache_project\Backend\AuthAPI\obj\Debug\net9.0\apphost.exe" to "bin\Debug\net9.0\AuthAPI.exe". The process cannot access the file 'C:\cache_project\Backend\AuthAPI\bin\Debug\net9.0\AuthAPI.exe' because it is being used by another process. [C:\cache_project\Backend\AuthAPI\AuthAPI.csproj]

Build FAILED.

C:\Program Files\dotnet\sdk\9.0.201\Microsoft.Common.CurrentVersion.targets(5364,5): warning MSB3026: Could not copy "C:\cache_project\Backend\AuthAPI\obj\Debug\net9.0\apphost.exe" to "bin\Debug\net9.0\AuthAPI.exe". Beginning retry 1 in 1000ms. The process cannot access the file 'C:\cache_project\Backend\AuthAPI\bin\Debug\net9.0\AuthAPI.exe' because it is being used by another process. The file is locked by: "AuthAPI.exe (35960), AuthAPI (22888), AuthAPI.exe (11680)" [C:\cache_project\Backend\AuthAPI\AuthAPI.csproj]
C:\Program Files\dotnet\sdk\9.0.201\Microsoft.Common.CurrentVersion.targets(5364,5): warning MSB3026: Could not copy "C:\cache_project\Backend\AuthAPI\obj\Debug\net9.0\apphost.exe" to "bin\Debug\net9.0\AuthAPI.exe". Beginning retry 2 in 1000ms. The process cannot access the file 'C:\cache_project\Backend\AuthAPI\bin\Debug\net9.0\AuthAPI.exe' because it is being used by another process. The file is locked by: "AuthAPI.exe (35960), AuthAPI (22888), AuthAPI.exe (11680)" [C:\cache_project\Backend\AuthAPI\AuthAPI.csproj]
C:\Program Files\dotnet\sdk\9.0.201\Microsoft.Common.CurrentVersion.targets(5364,5): warning MSB3026: Could not copy "C:\cache_project\Backend\AuthAPI\obj\Debug\net9.0\apphost.exe" to "bin\Debug\net9.0\AuthAPI.exe". Beginning retry 3 in 1000ms. The process cannot access the file 'C:\cache_project\Backend\AuthAPI\bin\Debug\net9.0\AuthAPI.exe' because it is being used by another process. The file is locked by: "AuthAPI.exe (35960), AuthAPI (22888), AuthAPI.exe (11680)" [C:\cache_project\Backend\AuthAPI\AuthAPI.csproj]
C:\Program Files\dotnet\sdk\9.0.201\Microsoft.Common.CurrentVersion.targets(5364,5): warning MSB3026: Could not copy "C:\cache_project\Backend\AuthAPI\obj\Debug\net9.0\apphost.exe" to "bin\Debug\net9.0\AuthAPI.exe". Beginning retry 4 in 1000ms. The process cannot access the file 'C:\cache_project\Backend\AuthAPI\bin\Debug\net9.0\AuthAPI.exe' because it is being used by another process. The file is locked by: "AuthAPI.exe (35960), AuthAPI (22888), AuthAPI.exe (11680)" [C:\cache_project\Backend\AuthAPI\AuthAPI.csproj]
C:\Program Files\dotnet\sdk\9.0.201\Microsoft.Common.CurrentVersion.targets(5364,5): warning MSB3026: Could not copy "C:\cache_project\Backend\AuthAPI\obj\Debug\net9.0\apphost.exe" to "bin\Debug\net9.0\AuthAPI.exe". Beginning retry 5 in 1000ms. The process cannot access the file 'C:\cache_project\Backend\AuthAPI\bin\Debug\net9.0\AuthAPI.exe' because it is being used by another process. The file is locked by: "AuthAPI.exe (35960), AuthAPI (22888), AuthAPI.exe (11680)" [C:\cache_project\Backend\AuthAPI\AuthAPI.csproj]
C:\Program Files\dotnet\sdk\9.0.201\Microsoft.Common.CurrentVersion.targets(5364,5): warning MSB3026: Could not copy "C:\cache_project\Backend\AuthAPI\obj\Debug\net9.0\apphost.exe" to "bin\Debug\net9.0\AuthAPI.exe". Beginning retry 6 in 1000ms. The process cannot access the file 'C:\cache_project\Backend\AuthAPI\bin\Debug\net9.0\AuthAPI.exe' because it is being used by another process. The file is locked by: "AuthAPI.exe (35960), AuthAPI (22888), AuthAPI.exe (11680)" [C:\cache_project\Backend\AuthAPI\AuthAPI.csproj]
C:\Program Files\dotnet\sdk\9.0.201\Microsoft.Common.CurrentVersion.targets(5364,5): warning MSB3026: Could not copy "C:\cache_project\Backend\AuthAPI\obj\Debug\net9.0\apphost.exe" to "bin\Debug\net9.0\AuthAPI.exe". Beginning retry 7 in 1000ms. The process cannot access the file 'C:\cache_project\Backend\AuthAPI\bin\Debug\net9.0\AuthAPI.exe' because it is being used by another process. The file is locked by: "AuthAPI.exe (35960), AuthAPI (22888), AuthAPI.exe (11680)" [C:\cache_project\Backend\AuthAPI\AuthAPI.csproj]
C:\Program Files\dotnet\sdk\9.0.201\Microsoft.Common.CurrentVersion.targets(5364,5): warning MSB3026: Could not copy "C:\cache_project\Backend\AuthAPI\obj\Debug\net9.0\apphost.exe" to "bin\Debug\net9.0\AuthAPI.exe". Beginning retry 8 in 1000ms. The process cannot access the file 'C:\cache_project\Backend\AuthAPI\bin\Debug\net9.0\AuthAPI.exe' because it is being used by another process. The file is locked by: "AuthAPI.exe (35960), AuthAPI (22888), AuthAPI.exe (11680)" [C:\cache_project\Backend\AuthAPI\AuthAPI.csproj]
C:\Program Files\dotnet\sdk\9.0.201\Microsoft.Common.CurrentVersion.targets(5364,5): warning MSB3026: Could not copy "C:\cache_project\Backend\AuthAPI\obj\Debug\net9.0\apphost.exe" to "bin\Debug\net9.0\AuthAPI.exe". Beginning retry 9 in 1000ms. The process cannot access the file 'C:\cache_project\Backend\AuthAPI\bin\Debug\net9.0\AuthAPI.exe' because it is being used by another process. The file is locked by: "AuthAPI.exe (35960), AuthAPI (22888), AuthAPI.exe (11680)" [C:\cache_project\Backend\AuthAPI\AuthAPI.csproj]
C:\Program Files\dotnet\sdk\9.0.201\Microsoft.Common.CurrentVersion.targets(5364,5): warning MSB3026: Could not copy "C:\cache_project\Backend\AuthAPI\obj\Debug\net9.0\apphost.exe" to "bin\Debug\net9.0\AuthAPI.exe". Beginning retry 10 in 1000ms. The process cannot access the file 'C:\cache_project\Backend\AuthAPI\bin\Debug\net9.0\AuthAPI.exe' because it is being used by another process. The file is locked by: "AuthAPI.exe (35960), AuthAPI (22888), AuthAPI.exe (11680)" [C:\cache_project\Backend\AuthAPI\AuthAPI.csproj]
C:\Program Files\dotnet\sdk\9.0.201\Microsoft.Common.CurrentVersion.targets(5364,5): error MSB3027: Could not copy "C:\cache_project\Backend\AuthAPI\obj\Debug\net9.0\apphost.exe" to "bin\Debug\net9.0\AuthAPI.exe". Exceeded retry count of 10. Failed. The file is locked by: "AuthAPI.exe (35960), AuthAPI (22888), AuthAPI.exe (11680)" [C:\cache_project\Backend\AuthAPI\AuthAPI.csproj]
C:\Program Files\dotnet\sdk\9.0.201\Microsoft.Common.CurrentVersion.targets(5364,5): error MSB3021: Unable to copy file "C:\cache_project\Backend\AuthAPI\obj\Debug\net9.0\apphost.exe" to "bin\Debug\net9.0\AuthAPI.exe". The process cannot access the file 'C:\cache_project\Backend\AuthAPI\bin\Debug\net9.0\AuthAPI.exe' because it is being used by another process. [C:\cache_project\Backend\AuthAPI\AuthAPI.csproj]
    10 Warning(s)
    2 Error(s)

Time Elapsed 00:00:15.18
